[2026-05-28 12:40:42] [INFO] [com.example.miniproject.MiniProjectApplication] - Starting MiniProjectApplication using Java 21.0.9 with PID 3548 (C:\code\Java-WebService\Session13\MiniProject\build\classes\java\main started by admin in C:\code\Java-WebService\Session13\MiniProject)
[2026-05-28 12:40:42] [DEBUG] [com.example.miniproject.MiniProjectApplication] - Running with Spring Boot v3.5.0, Spring v6.2.7
[2026-05-28 12:40:42] [INFO] [com.example.miniproject.MiniProjectApplication] - No active profile set, falling back to 1 default profile: "default"
[2026-05-28 12:40:42] [INFO] [org.springframework.boot.devtools.env.DevToolsPropertyDefaultsPostProcessor] - Devtools property defaults active! Set 'spring.devtools.add-properties' to 'false' to disable
[2026-05-28 12:40:42] [INFO] [org.springframework.boot.devtools.env.DevToolsPropertyDefaultsPostProcessor] - For additional web related logging consider setting the 'logging.level.web' property to 'DEBUG'
[2026-05-28 12:40:43] [INFO] [org.springframework.data.repository.config.RepositoryConfigurationDelegate] - Bootstrapping Spring Data JPA repositories in DEFAULT mode.
[2026-05-28 12:40:43] [INFO] [org.springframework.data.repository.config.RepositoryConfigurationDelegate] - Finished Spring Data repository scanning in 42 ms. Found 1 JPA repository interface.
[2026-05-28 12:40:44] [INFO] [org.springframework.boot.web.embedded.tomcat.TomcatWebServer] - Tomcat initialized with port 8080 (http)
[2026-05-28 12:40:44] [INFO] [org.apache.coyote.http11.Http11NioProtocol] - Initializing ProtocolHandler ["http-nio-8080"]
[2026-05-28 12:40:44] [INFO] [org.apache.catalina.core.StandardService] - Starting service [Tomcat]
[2026-05-28 12:40:44] [INFO] [org.apache.catalina.core.StandardEngine] - Starting Servlet engine: [Apache Tomcat/10.1.41]
[2026-05-28 12:40:44] [INFO] [org.apache.catalina.core.ContainerBase.[Tomcat].[localhost].[/]] - Initializing Spring embedded WebApplicationContext
[2026-05-28 12:40:44] [INFO] [org.springframework.boot.web.servlet.context.ServletWebServerApplicationContext] - Root WebApplicationContext: initialization completed in 1250 ms
[2026-05-28 12:40:44] [INFO] [org.hibernate.jpa.internal.util.LogHelper] - HHH000204: Processing PersistenceUnitInfo [name: default]
[2026-05-28 12:40:44] [INFO] [org.hibernate.Version] - HHH000412: Hibernate ORM core version 6.6.15.Final
[2026-05-28 12:40:44] [INFO] [org.hibernate.cache.internal.RegionFactoryInitiator] - HHH000026: Second-level cache disabled
[2026-05-28 12:40:44] [INFO] [org.springframework.orm.jpa.persistenceunit.SpringPersistenceUnitInfo] - No LoadTimeWeaver setup: ignoring JPA class transformer
[2026-05-28 12:40:44] [INFO] [com.zaxxer.hikari.HikariDataSource] - HikariPool-1 - Starting...
[2026-05-28 12:40:45] [INFO] [com.zaxxer.hikari.pool.HikariPool] - HikariPool-1 - Added connection com.mysql.cj.jdbc.ConnectionImpl@327854d1
[2026-05-28 12:40:45] [INFO] [com.zaxxer.hikari.HikariDataSource] - HikariPool-1 - Start completed.
[2026-05-28 12:40:45] [INFO] [org.hibernate.orm.connections.pooling] - HHH10001005: Database info:
	Database JDBC URL [Connecting through datasource 'HikariDataSource (HikariPool-1)']
	Database driver: undefined/unknown
	Database version: 8.0.44
	Autocommit mode: undefined/unknown
	Isolation level: undefined/unknown
	Minimum pool size: undefined/unknown
	Maximum pool size: undefined/unknown
[2026-05-28 12:40:47] [INFO] [org.hibernate.engine.transaction.jta.platform.internal.JtaPlatformInitiator] - HHH000489: No JTA platform available (set 'hibernate.transaction.jta.platform' to enable JTA platform integration)
[2026-05-28 12:40:47] [INFO] [org.springframework.orm.jpa.LocalContainerEntityManagerFactoryBean] - Initialized JPA EntityManagerFactory for persistence unit 'default'
[2026-05-28 12:40:48] [WARN] [org.springframework.boot.autoconfigure.orm.jpa.JpaBaseConfiguration$JpaWebConfiguration] - spring.jpa.open-in-view is enabled by default. Therefore, database queries may be performed during view rendering. Explicitly configure spring.jpa.open-in-view to disable this warning
[2026-05-28 12:40:49] [INFO] [org.springframework.boot.devtools.autoconfigure.OptionalLiveReloadServer] - LiveReload server is running on port 35729
[2026-05-28 12:40:49] [INFO] [org.apache.coyote.http11.Http11NioProtocol] - Starting ProtocolHandler ["http-nio-8080"]
[2026-05-28 12:40:49] [INFO] [org.springframework.boot.web.embedded.tomcat.TomcatWebServer] - Tomcat started on port 8080 (http) with context path '/'
[2026-05-28 12:40:49] [INFO] [com.example.miniproject.MiniProjectApplication] - Started MiniProjectApplication in 7.247 seconds (process running for 7.775)
[2026-05-28 12:41:55] [INFO] [org.apache.catalina.core.ContainerBase.[Tomcat].[localhost].[/]] - Initializing Spring DispatcherServlet 'dispatcherServlet'
[2026-05-28 12:41:55] [INFO] [org.springframework.web.servlet.DispatcherServlet] - Initializing Servlet 'dispatcherServlet'
[2026-05-28 12:41:55] [INFO] [org.springframework.web.servlet.DispatcherServlet] - Completed initialization in 2 ms
[2026-05-28 12:41:56] [INFO] [com.example.miniproject.aspect.BookServiceAspect] - Before method: createBook
[2026-05-28 12:41:56] [INFO] [com.example.miniproject.aspect.BookServiceAspect] - Arguments: [Book(id=null, title=Java Core, author=Boizi, category=Programming, quantity=10)]
[2026-05-28 12:41:56] [DEBUG] [com.example.miniproject.service.impl.BookServiceImpl] - Create book: Book(id=null, title=Java Core, author=Boizi, category=Programming, quantity=10)
[2026-05-28 12:41:56] [INFO] [com.example.miniproject.service.impl.BookServiceImpl] - Create book success
[2026-05-28 12:41:56] [INFO] [com.example.miniproject.aspect.BookServiceAspect] - Method success: createBook
[2026-05-28 12:41:56] [INFO] [com.example.miniproject.aspect.BookServiceAspect] - Return: Book(id=1, title=Java Core, author=Boizi, category=Programming, quantity=10)
[2026-05-28 12:42:07] [INFO] [com.example.miniproject.aspect.BookServiceAspect] - Before method: getAllBooks
[2026-05-28 12:42:07] [INFO] [com.example.miniproject.aspect.BookServiceAspect] - Arguments: []
[2026-05-28 12:42:07] [DEBUG] [com.example.miniproject.service.impl.BookServiceImpl] - Getting all books
[2026-05-28 12:42:08] [INFO] [com.example.miniproject.service.impl.BookServiceImpl] - Get all books success
[2026-05-28 12:42:08] [INFO] [com.example.miniproject.aspect.BookServiceAspect] - Method success: getAllBooks
[2026-05-28 12:42:08] [INFO] [com.example.miniproject.aspect.BookServiceAspect] - Return: [Book(id=1, title=Java Core, author=Boizi, category=Programming, quantity=10)]
[2026-05-28 12:42:17] [INFO] [com.example.miniproject.aspect.BookServiceAspect] - Before method: getBookById
[2026-05-28 12:42:17] [INFO] [com.example.miniproject.aspect.BookServiceAspect] - Arguments: [1]
[2026-05-28 12:42:17] [DEBUG] [com.example.miniproject.service.impl.BookServiceImpl] - Get book by id: 1
[2026-05-28 12:42:17] [INFO] [com.example.miniproject.aspect.BookServiceAspect] - Method success: getBookById
[2026-05-28 12:42:17] [INFO] [com.example.miniproject.aspect.BookServiceAspect] - Return: Book(id=1, title=Java Core, author=Boizi, category=Programming, quantity=10)
[2026-05-28 12:42:23] [INFO] [com.example.miniproject.aspect.BookServiceAspect] - Before method: getBookById
[2026-05-28 12:42:23] [INFO] [com.example.miniproject.aspect.BookServiceAspect] - Arguments: [2]
[2026-05-28 12:42:23] [DEBUG] [com.example.miniproject.service.impl.BookServiceImpl] - Get book by id: 2
[2026-05-28 12:42:23] [ERROR] [com.example.miniproject.aspect.BookServiceAspect] - Exception in method: getBookById
[2026-05-28 12:42:23] [ERROR] [com.example.miniproject.aspect.BookServiceAspect] - Message: Book not found with id: 2
[2026-05-28 12:42:23] [WARN] [org.springframework.web.servlet.mvc.method.annotation.ExceptionHandlerExceptionResolver] - Resolved [com.example.miniproject.exception.BookNotFoundException: Book not found with id: 2]
[2026-05-28 12:42:44] [INFO] [com.example.miniproject.aspect.BookServiceAspect] - Before method: updateBook
[2026-05-28 12:42:44] [INFO] [com.example.miniproject.aspect.BookServiceAspect] - Arguments: [1, Book(id=null, title=Java Core, author=Hoàng Sơn, category=Programming, quantity=10)]
[2026-05-28 12:42:44] [DEBUG] [com.example.miniproject.service.impl.BookServiceImpl] - Get book by id: 1
[2026-05-28 12:42:44] [INFO] [com.example.miniproject.aspect.BookServiceAspect] - Method success: updateBook
[2026-05-28 12:42:44] [INFO] [com.example.miniproject.aspect.BookServiceAspect] - Return: Book(id=1, title=Java Core, author=Hoàng Sơn, category=Programming, quantity=10)
[2026-05-28 12:43:03] [INFO] [com.example.miniproject.aspect.BookServiceAspect] - Before method: patchBook
[2026-05-28 12:43:03] [INFO] [com.example.miniproject.aspect.BookServiceAspect] - Arguments: [1, {quantity=20}]
[2026-05-28 12:43:03] [DEBUG] [com.example.miniproject.service.impl.BookServiceImpl] - Get book by id: 1
[2026-05-28 12:43:03] [INFO] [com.example.miniproject.aspect.BookServiceAspect] - Method success: patchBook
[2026-05-28 12:43:03] [INFO] [com.example.miniproject.aspect.BookServiceAspect] - Return: Book(id=1, title=Java Core, author=Hoàng Sơn, category=Programming, quantity=20)
